[www.abrirestaurant.com/index.html]
[backblue.gif]
[fade.gif]
[index.html]
[www.abrirestaurant.com/templates/theme3666/favicon.ico]
[www.abrirestaurant.com/templates/theme3666/css/bootstrap.css]
[www.abrirestaurant.com/media/com_rstbox/css/engageboxacee.css]
[www.abrirestaurant.com/media/jui/css/chosend4cc.css]
[www.abrirestaurant.com/templates/theme3666/css/template.css]
[www.abrirestaurant.com/templates/system/css/system.css]
[www.abrirestaurant.com/templates/theme3666/css/megamenu.css]
[www.abrirestaurant.com/plugins/system/t3/base-bs3/fonts/font-awesome/css/font-awesome.min.css]
[www.abrirestaurant.com/templates/theme3666/fonts/font-awesome/css/font-awesome.css]
[www.abrirestaurant.com/templates/theme3666/fonts/material-design/css/material-design.css]
[www.abrirestaurant.com/templates/theme3666/fonts/material-icons/css/material-icons.css]
[www.abrirestaurant.com/templates/theme3666/fonts/thin/css/thin.css]
[www.abrirestaurant.com/templates/theme3666/fonts/glyphicons/css/glyphicons.css]
[www.abrirestaurant.com/templates/theme3666/fonts/linearicons/css/linearicons.css]
[www.abrirestaurant.com/templates/theme3666/fonts/mdi/css/mdi.css]
[www.abrirestaurant.com/modules/mod_djimageslider/themes/default/css/djimageslider.css]
[www.abrirestaurant.com/modules/mod_swiper/css/animate.css]
[www.abrirestaurant.com/media/jui/js/jquery.mind4cc.js]
[www.abrirestaurant.com/media/jui/js/jquery-noconflictd4cc.js]
[www.abrirestaurant.com/media/jui/js/jquery-migrate.mind4cc.js]
[www.abrirestaurant.com/media/com_rstbox/js/velocityacee.js]
[www.abrirestaurant.com/media/com_rstbox/js/velocity.uiacee.js]
[www.abrirestaurant.com/media/com_rstbox/js/engageboxacee.js]
[www.abrirestaurant.com/plugins/system/t3/base-bs3/bootstrap/js/bootstrapd4cc.js]
[www.abrirestaurant.com/media/jui/js/chosen.jquery.mind4cc.js]
[www.abrirestaurant.com/templates/theme3666/js/script.js]
[www.abrirestaurant.com/plugins/system/t3/base-bs3/js/jquery.tap.min.js]
[www.abrirestaurant.com/plugins/system/t3/base-bs3/js/script.js]
[www.abrirestaurant.com/plugins/system/t3/base-bs3/js/menu.js]
[www.abrirestaurant.com/plugins/system/t3/base-bs3/js/nav-collapse.js]
[www.abrirestaurant.com/media/joomladcookies/tarteaucitron/tarteaucitron.js]
[www.abrirestaurant.com/media/djextensions/jquery-easing/jquery.easing.min.js]
[www.abrirestaurant.com/modules/mod_djimageslider/assets/js/sliderec92.js]
[www.abrirestaurant.com/modules/mod_swiper/js/swiper.min.js]
[www.abrirestaurant.com/presentation.html]
[www.abrirestaurant.com/la-carte.html]
[www.abrirestaurant.com/click-and-collect.html]
[www.abrirestaurant.com/contact.html]
[www.abrirestaurant.com/mentions-legales.html]
[www.abrirestaurant.com/politique-de-protection-des-donnees.html]
[www.abrirestaurant.com/images/8282008.jpg]
[www.abrirestaurant.com/index.html]
[www.abrirestaurant.com/indexc0d0.html]
[www.abrirestaurant.com/index7b17.html]
[www.abrirestaurant.com/templates/theme3666/fonts/glyphicons-halflings-regular.eot]
[www.abrirestaurant.com/templates/theme3666/fonts/glyphicons-halflings-regulard41d.eot]
[www.abrirestaurant.com/templates/theme3666/fonts/glyphicons-halflings-regular.woff2]
[www.abrirestaurant.com/templates/theme3666/fonts/glyphicons-halflings-regular.woff]
[www.abrirestaurant.com/templates/theme3666/fonts/glyphicons-halflings-regular.ttf]
[www.abrirestaurant.com/templates/theme3666/css/bootstrap.css]
[www.abrirestaurant.com/media/com_rstbox/css/engageboxacee.css]
[www.abrirestaurant.com/media/jui/css/chosen-sprite.png]
[www.abrirestaurant.com/media/jui/css/chosend4cc.css]
[www.abrirestaurant.com/templates/theme3666/images/video__btn.png]
[www.abrirestaurant.com/templates/theme3666/images/kunena/images/bold.png]
[www.abrirestaurant.com/templates/theme3666/images/kunena/images/italic.png]
[www.abrirestaurant.com/templates/theme3666/images/kunena/images/underline.png]
[www.abrirestaurant.com/templates/theme3666/images/kunena/images/stroke.png]
[www.abrirestaurant.com/templates/theme3666/images/kunena/images/supscript.png]
[www.abrirestaurant.com/templates/theme3666/images/kunena/images/subscript.png]
[www.abrirestaurant.com/templates/theme3666/images/kunena/images/fonts.png]
[www.abrirestaurant.com/templates/theme3666/images/kunena/images/colors.png]
[www.abrirestaurant.com/templates/theme3666/images/kunena/images/list-bullet.png]
[www.abrirestaurant.com/templates/theme3666/images/kunena/images/list-numeric.png]
[www.abrirestaurant.com/templates/theme3666/images/kunena/images/list-item.png]
[www.abrirestaurant.com/templates/theme3666/images/kunena/images/text_align_left.png]
[www.abrirestaurant.com/templates/theme3666/images/kunena/images/text_align_center.png]
[www.abrirestaurant.com/templates/theme3666/images/kunena/images/text_align_right.png]
[www.abrirestaurant.com/templates/theme3666/images/kunena/images/quotes.png]
[www.abrirestaurant.com/templates/theme3666/images/kunena/images/code.png]
[www.abrirestaurant.com/templates/theme3666/images/kunena/images/table.png]
[www.abrirestaurant.com/templates/theme3666/images/kunena/images/spoiler.png]
[www.abrirestaurant.com/templates/theme3666/images/kunena/images/hidden.png]
[www.abrirestaurant.com/templates/theme3666/images/kunena/images/picture.png]
[www.abrirestaurant.com/templates/theme3666/images/kunena/images/link.png]
[www.abrirestaurant.com/templates/theme3666/images/kunena/images/ebay.png]
[www.abrirestaurant.com/templates/theme3666/images/kunena/images/film.png]
[www.abrirestaurant.com/templates/theme3666/images/kunena/images/map.png]
[www.abrirestaurant.com/templates/theme3666/images/kunena/images/poll.png]
[www.abrirestaurant.com/templates/theme3666/images/kunena/images/tweet.png]
[www.abrirestaurant.com/templates/theme3666/images/kunena/images/soundcloud.png]
[www.abrirestaurant.com/templates/theme3666/images/kunena/images/instagram.png]
[www.abrirestaurant.com/templates/theme3666/images/kunena/images/hr.png]
[www.abrirestaurant.com/templates/theme3666/images/kunena/images/emoticon.png]
[www.abrirestaurant.com/templates/theme3666/images/kunena/images/confidential.png]
[www.abrirestaurant.com/templates/theme3666/images/kunena/images/clean.png]
[www.abrirestaurant.com/templates/theme3666/images/fancybox/fancybox_sprite.png]
[www.abrirestaurant.com/templates/theme3666/images/fancybox/fancybox_loading.gif]
[www.abrirestaurant.com/templates/theme3666/images/fancybox/fancybox_overlay.png]
[www.abrirestaurant.com/templates/theme3666/images/fancybox/fancybox_sprite@2x.png]
[www.abrirestaurant.com/templates/theme3666/images/fancybox/fancybox_loading@2x.gif]
[www.abrirestaurant.com/templates/theme3666/images/fancybox/fancybox_buttons.png]
[www.abrirestaurant.com/templates/theme3666/images/404.jpg]
[www.abrirestaurant.com/templates/theme3666/images/ico-cart.png]
[www.abrirestaurant.com/templates/theme3666/images/ico-cart2.png]
[www.abrirestaurant.com/templates/theme3666/css/template.css]
[www.abrirestaurant.com/images/content/ico/feuillage-12.png]
[www.abrirestaurant.com/media/system/css/system.css]
[www.abrirestaurant.com/templates/system/css/system.css]
[www.abrirestaurant.com/templates/theme3666/css/megamenu.css]
[www.abrirestaurant.com/plugins/system/t3/base-bs3/fonts/font-awesome/font/fontawesome-webfontf77b.eot]
[www.abrirestaurant.com/plugins/system/t3/base-bs3/fonts/font-awesome/font/fontawesome-webfontd41d.eot]
[www.abrirestaurant.com/plugins/system/t3/base-bs3/fonts/font-awesome/font/fontawesome-webfontf77b.woff]
[www.abrirestaurant.com/plugins/system/t3/base-bs3/fonts/font-awesome/font/fontawesome-webfontf77b.ttf]
[www.abrirestaurant.com/plugins/system/t3/base-bs3/fonts/font-awesome/css/font-awesome.min.css]
[www.abrirestaurant.com/templates/theme3666/fonts/font-awesome/fonts/fontawesome-webfont3e6e.eot]
[www.abrirestaurant.com/templates/theme3666/fonts/font-awesome/fonts/fontawesome-webfontd41d.eot]
[www.abrirestaurant.com/templates/theme3666/fonts/font-awesome/fonts/fontawesome-webfont3e6e.woff2]
[www.abrirestaurant.com/templates/theme3666/fonts/font-awesome/fonts/fontawesome-webfont3e6e.woff]
[www.abrirestaurant.com/templates/theme3666/fonts/font-awesome/fonts/fontawesome-webfont3e6e.ttf]
[www.abrirestaurant.com/templates/theme3666/fonts/font-awesome/css/font-awesome.css]
[www.abrirestaurant.com/templates/theme3666/fonts/material-design/fonts/material-design.eot]
[www.abrirestaurant.com/templates/theme3666/fonts/material-design/fonts/material-design.woff]
[www.abrirestaurant.com/templates/theme3666/fonts/material-design/fonts/material-design.ttf]
[www.abrirestaurant.com/templates/theme3666/fonts/material-design/css/material-design.css]
[www.abrirestaurant.com/templates/theme3666/fonts/material-icons/fonts/MaterialIcons-Regular.eot]
[www.abrirestaurant.com/templates/theme3666/fonts/material-icons/fonts/MaterialIcons-Regular.woff2]
[www.abrirestaurant.com/templates/theme3666/fonts/material-icons/fonts/MaterialIcons-Regular.woff]
[www.abrirestaurant.com/templates/theme3666/fonts/material-icons/fonts/MaterialIcons-Regular.ttf]
[www.abrirestaurant.com/templates/theme3666/fonts/material-icons/css/material-icons.css]
[www.abrirestaurant.com/templates/theme3666/fonts/thin/fonts/Thin-Regularacad.eot]
[www.abrirestaurant.com/templates/theme3666/fonts/thin/fonts/Thin-Regularacad.woff]
[www.abrirestaurant.com/templates/theme3666/fonts/thin/fonts/Thin-Regularacad.ttf]
[www.abrirestaurant.com/templates/theme3666/fonts/thin/css/thin.css]
[www.abrirestaurant.com/templates/theme3666/fonts/glyphicons/fonts/glyphicons-halflings-regular.eot]
[www.abrirestaurant.com/templates/theme3666/fonts/glyphicons/fonts/glyphicons-halflings-regulard41d.eot]
[www.abrirestaurant.com/templates/theme3666/fonts/glyphicons/fonts/glyphicons-halflings-regular.woff]
[www.abrirestaurant.com/templates/theme3666/fonts/glyphicons/fonts/glyphicons-halflings-regular.ttf]
[www.abrirestaurant.com/templates/theme3666/fonts/glyphicons/css/glyphicons.css]
[www.abrirestaurant.com/templates/theme3666/fonts/linearicons/fonts/Linearicons.eot]
[www.abrirestaurant.com/templates/theme3666/fonts/linearicons/fonts/Linearicons.woff]
[www.abrirestaurant.com/templates/theme3666/fonts/linearicons/fonts/Linearicons.ttf]
[www.abrirestaurant.com/templates/theme3666/fonts/linearicons/css/linearicons.css]
[www.abrirestaurant.com/templates/theme3666/fonts/mdi/fonts/materialdesignicons-webfont14e6.eot]
[www.abrirestaurant.com/templates/theme3666/fonts/mdi/fonts/materialdesignicons-webfontd41d.eot]
[www.abrirestaurant.com/templates/theme3666/fonts/mdi/fonts/materialdesignicons-webfont14e6.woff2]
[www.abrirestaurant.com/templates/theme3666/fonts/mdi/fonts/materialdesignicons-webfont14e6.woff]
[www.abrirestaurant.com/templates/theme3666/fonts/mdi/fonts/materialdesignicons-webfont14e6.ttf]
[www.abrirestaurant.com/templates/theme3666/fonts/mdi/css/mdi.css]
[www.abrirestaurant.com/templates/theme3666/css/custom-styles.css]
[www.abrirestaurant.com/modules/mod_djimageslider/themes/default/images/loader.gif]
[www.abrirestaurant.com/modules/mod_djimageslider/themes/default/css/djimageslider.css]
[www.abrirestaurant.com/modules/mod_swiper/css/animate.css]
[www.abrirestaurant.com/templates/theme3666/js/index.html]
[www.abrirestaurant.com/images/logo.html]
[www.abrirestaurant.com/presentation.html]
[www.abrirestaurant.com/la-cartec0d0]
[www.abrirestaurant.com/la-carte7b17]
[www.abrirestaurant.com/la-carte.html]
[www.abrirestaurant.com/components/com_vikrestaurants/assets/css/jquery-ui.mindbf7.css]
[www.abrirestaurant.com/components/com_vikrestaurants/assets/css/vikrestaurantsdbf7.css]
[www.abrirestaurant.com/components/com_vikrestaurants/assets/css/selectdbf7.css]
[www.abrirestaurant.com/components/com_vikrestaurants/assets/css/vikrestaurants-mobiledbf7.css]
[www.abrirestaurant.com/components/com_vikrestaurants/assets/css/jquery.fancybox8a3f.css]
[www.abrirestaurant.com/components/com_vikrestaurants/assets/css/fontawesome/css/font-awesome.minaccb.css]
[www.abrirestaurant.com/components/com_vikrestaurants/assets/css/fontawesome/css/solid.minaccb.css]
[www.abrirestaurant.com/components/com_vikrestaurants/assets/css/fontawesome/css/regular.minaccb.css]
[www.abrirestaurant.com/components/com_vikrestaurants/assets/css/fontawesome/css/brands.minaccb.css]
[www.abrirestaurant.com/components/com_vikrestaurants/assets/css/toastdbf7.css]
[www.abrirestaurant.com/modules/mod_vikrestaurants_takeaway_cart/mod_vikrestaurants_takeaway_cart0cea.css]
[www.abrirestaurant.com/components/com_vikrestaurants/assets/js/jquery.mindbf7.js]
[www.abrirestaurant.com/components/com_vikrestaurants/assets/js/jquery-ui.mindbf7.js]
[www.abrirestaurant.com/components/com_vikrestaurants/assets/js/vikrestaurantsdbf7.js]
[www.abrirestaurant.com/components/com_vikrestaurants/assets/js/utilsdbf7.js]
[www.abrirestaurant.com/components/com_vikrestaurants/assets/js/jquery.fancybox8a3f.js]
[www.abrirestaurant.com/components/com_vikrestaurants/assets/js/toastdbf7.js]
[www.abrirestaurant.com/media/system/js/cored4cc.js]
[www.abrirestaurant.com/modules/mod_vikrestaurants_takeaway_cart/mod_vikrestaurants_takeaway_cart0cea.js]
[www.abrirestaurant.com/click-and-collect.html]
[www.abrirestaurant.com/modules/mod_tm_ajax_contact_form/css/style.css]
[www.abrirestaurant.com/modules/mod_tm_ajax_contact_form/js/jquery.validate.min.js]
[www.abrirestaurant.com/modules/mod_tm_ajax_contact_form/js/additional-methods.min.js]
[www.abrirestaurant.com/modules/mod_tm_ajax_contact_form/js/moment.js]
[www.abrirestaurant.com/modules/mod_tm_ajax_contact_form/js/bootstrap-datetimepicker.min.js]
[www.abrirestaurant.com/modules/mod_tm_ajax_contact_form/js/ajaxcaptcha.js]
[www.abrirestaurant.com/modules/mod_tm_ajax_contact_form/js/ajaxsendmail.js]
[www.abrirestaurant.com/modules/mod_tm_ajax_contact_form/js/localization/messages_fr.min.js]
[www.abrirestaurant.com/contact.html]
[www.abrirestaurant.com/Website Owner54d0.vcf]
[www.abrirestaurant.com/images/home/img1.html]
[www.abrirestaurant.com/images/home/ABRI_52.html]
[www.abrirestaurant.com/images/home/img3.html]
[www.abrirestaurant.com/images/carroussel/carroussel-01.html]
[www.abrirestaurant.com/images/carroussel/carroussel-02.html]
[www.abrirestaurant.com/images/carroussel/carroussel-03.html]
[www.abrirestaurant.com/images/carroussel/carroussel-04.html]
[www.abrirestaurant.com/images/carroussel/carroussel-05.html]
[www.abrirestaurant.com/images/carroussel/carroussel-06.html]
[www.abrirestaurant.com/images/carroussel/carroussel-07.html]
[www.abrirestaurant.com/images/carroussel/carroussel-08.html]
[www.abrirestaurant.com/404.html]
[www.abrirestaurant.com/mentions-legales.html]
[www.abrirestaurant.com/politique-de-protection-des-donnees.html]
[www.abrirestaurant.com/templates/theme3666/fonts/glyphicons-halflings-regular.svg]
[www.abrirestaurant.com/media/system/images/notice-info.png]
[www.abrirestaurant.com/media/system/images/notice-alert.png]
[www.abrirestaurant.com/media/system/css/system.css]
[www.abrirestaurant.com/media/system/images/notice-note.png]
[www.abrirestaurant.com/plugins/system/t3/base-bs3/fonts/font-awesome/font/fontawesome-webfont.svg]
[www.abrirestaurant.com/templates/theme3666/fonts/font-awesome/fonts/fontawesome-webfont3e6e.svg]
[www.abrirestaurant.com/templates/theme3666/fonts/material-design/fonts/material-design.svg]
[www.abrirestaurant.com/templates/theme3666/fonts/thin/fonts/Thin-Regularacad.svg]
[www.abrirestaurant.com/templates/theme3666/fonts/glyphicons/fonts/glyphicons-halflings-regular.svg]
[www.abrirestaurant.com/templates/theme3666/fonts/mdi/fonts/materialdesignicons-webfont14e6.svg]
[www.abrirestaurant.com/images/content/presentation/ShootingAbri.html]
[www.abrirestaurant.com/images/content/presentation/abri-75.html]
[www.abrirestaurant.com/images/content/ico/carte-05.html]
[www.abrirestaurant.com/images/content/ico/carte-03.html]
[www.abrirestaurant.com/images/content/carte/pita_1.html]
[www.abrirestaurant.com/images/content/carte/bowl_1.html]
[www.abrirestaurant.com/images/content/ico/carte-01.html]
[www.abrirestaurant.com/images/content/carte/new_side.html]
[www.abrirestaurant.com/images/content/carte/dessert.html]
[www.abrirestaurant.com/components/com_vikrestaurants/assets/css/images/ui-bg_flat_75_ffffff_40x100.png]
[www.abrirestaurant.com/components/com_vikrestaurants/assets/css/images/ui-bg_highlight-soft_50_dddddd_1x100.png]
[www.abrirestaurant.com/components/com_vikrestaurants/assets/css/images/ui-bg_highlight-soft_100_f6f6f6_1x100.png]
[www.abrirestaurant.com/components/com_vikrestaurants/assets/css/images/ui-bg_highlight-soft_25_0073ea_1x100.png]
[www.abrirestaurant.com/components/com_vikrestaurants/assets/css/images/ui-bg_glass_65_ffffff_1x400.png]
[www.abrirestaurant.com/components/com_vikrestaurants/assets/css/images/ui-bg_flat_55_ffffff_40x100.png]
[www.abrirestaurant.com/components/com_vikrestaurants/assets/css/images/ui-icons_0073ea_256x240.png]
[www.abrirestaurant.com/components/com_vikrestaurants/assets/css/images/ui-icons_666666_256x240.png]
[www.abrirestaurant.com/components/com_vikrestaurants/assets/css/images/ui-icons_ffffff_256x240.png]
[www.abrirestaurant.com/components/com_vikrestaurants/assets/css/images/ui-icons_454545_256x240.png]
[www.abrirestaurant.com/components/com_vikrestaurants/assets/css/images/ui-bg_flat_0_eeeeee_40x100.png]
[www.abrirestaurant.com/components/com_vikrestaurants/assets/css/jquery-ui.mindbf7.css]
[www.abrirestaurant.com/components/com_vikrestaurants/assets/css/images/ui-bg_flat_0_aaaaaa_40x100.png]
[www.abrirestaurant.com/components/com_vikrestaurants/assets/css/images/sharedtable.png]
[www.abrirestaurant.com/components/com_vikrestaurants/assets/css/images/tableconfirm.png]
[www.abrirestaurant.com/components/com_vikrestaurants/assets/css/images/selected.png]
[www.abrirestaurant.com/components/com_vikrestaurants/assets/css/images/sharedtableicon.png]
[www.abrirestaurant.com/components/com_vikrestaurants/assets/css/images/menu_icon.png]
[www.abrirestaurant.com/components/com_vikrestaurants/assets/css/images/people_ico.png]
[www.abrirestaurant.com/components/com_vikrestaurants/assets/css/images/menu_fork_ico.png]
[www.abrirestaurant.com/components/com_vikrestaurants/assets/css/images/select-arrow.png]
[www.abrirestaurant.com/components/com_vikrestaurants/assets/css/images/arrow-left.png]
[www.abrirestaurant.com/components/com_vikrestaurants/assets/css/images/phone_ico.png]
[www.abrirestaurant.com/components/com_vikrestaurants/assets/css/images/email_ico.png]
[www.abrirestaurant.com/components/com_vikrestaurants/assets/css/images/calendar2.png]
[www.abrirestaurant.com/components/com_vikrestaurants/assets/css/images/work_shift-ico.png]
[www.abrirestaurant.com/components/com_vikrestaurants/assets/css/images/work_shift-ico_small.png]
[www.abrirestaurant.com/components/com_vikrestaurants/assets/css/images/fullscreen_icon.png]
[www.abrirestaurant.com/components/com_vikrestaurants/assets/css/images/rating-star-no.png]
[www.abrirestaurant.com/components/com_vikrestaurants/assets/css/images/rating-star.png]
[www.abrirestaurant.com/components/com_vikrestaurants/assets/css/vikrestaurantsdbf7.css]
[www.abrirestaurant.com/components/com_vikrestaurants/assets/css/images/loading.gif]
[www.abrirestaurant.com/components/com_vikrestaurants/assets/css/selectdbf7.css]
[www.abrirestaurant.com/components/com_vikrestaurants/assets/css/vikrestaurants-mobiledbf7.css]
[www.abrirestaurant.com/components/com_vikrestaurants/assets/css/vre-customdbf7.css]
[www.abrirestaurant.com/components/com_vikrestaurants/assets/css/jquery.fancybox8a3f.css]
[www.abrirestaurant.com/components/com_vikrestaurants/assets/css/fontawesome/css/font-awesome.minaccb.css]
[www.abrirestaurant.com/components/com_vikrestaurants/assets/css/fontawesome/webfonts/fa-solid-900.eot]
[www.abrirestaurant.com/components/com_vikrestaurants/assets/css/fontawesome/webfonts/fa-solid-900d41d.eot]
[www.abrirestaurant.com/components/com_vikrestaurants/assets/css/fontawesome/webfonts/fa-solid-900.woff2]
[www.abrirestaurant.com/components/com_vikrestaurants/assets/css/fontawesome/webfonts/fa-solid-900.woff]
[www.abrirestaurant.com/components/com_vikrestaurants/assets/css/fontawesome/webfonts/fa-solid-900.ttf]
[www.abrirestaurant.com/components/com_vikrestaurants/assets/css/fontawesome/css/solid.minaccb.css]
[www.abrirestaurant.com/components/com_vikrestaurants/assets/css/fontawesome/webfonts/fa-regular-400.eot]
[www.abrirestaurant.com/components/com_vikrestaurants/assets/css/fontawesome/webfonts/fa-regular-400d41d.eot]
[www.abrirestaurant.com/components/com_vikrestaurants/assets/css/fontawesome/webfonts/fa-regular-400.woff2]
[www.abrirestaurant.com/components/com_vikrestaurants/assets/css/fontawesome/webfonts/fa-regular-400.woff]
[www.abrirestaurant.com/components/com_vikrestaurants/assets/css/fontawesome/webfonts/fa-regular-400.ttf]
[www.abrirestaurant.com/components/com_vikrestaurants/assets/css/fontawesome/css/regular.minaccb.css]
[www.abrirestaurant.com/components/com_vikrestaurants/assets/css/fontawesome/webfonts/fa-brands-400.eot]
[www.abrirestaurant.com/components/com_vikrestaurants/assets/css/fontawesome/webfonts/fa-brands-400d41d.eot]
[www.abrirestaurant.com/components/com_vikrestaurants/assets/css/fontawesome/webfonts/fa-brands-400.woff2]
[www.abrirestaurant.com/components/com_vikrestaurants/assets/css/fontawesome/webfonts/fa-brands-400.woff]
[www.abrirestaurant.com/components/com_vikrestaurants/assets/css/fontawesome/webfonts/fa-brands-400.ttf]
[www.abrirestaurant.com/components/com_vikrestaurants/assets/css/fontawesome/css/brands.minaccb.css]
[www.abrirestaurant.com/components/com_vikrestaurants/assets/css/toastdbf7.css]
[www.abrirestaurant.com/modules/mod_vikrestaurants_takeaway_cart/mod_vikrestaurants_takeaway_cart0cea.css]
[www.abrirestaurant.com/component/vikrestaurants/indexc4ca.html]
[www.abrirestaurant.com/component/vikrestaurants/index30f8.html]
[www.abrirestaurant.com/component/vikrestaurants/indexc0dc.html]
[www.abrirestaurant.com/modules/mod_tm_ajax_contact_form/images/loading.gif]
[www.abrirestaurant.com/modules/mod_tm_ajax_contact_form/css/style.css]
[www.abrirestaurant.com/404.html]
[www.abrirestaurant.com/components/com_vikrestaurants/assets/css/images/ui-icons_8E2D00_256x240.html]
[www.abrirestaurant.com/components/com_vikrestaurants/assets/css/fontawesome/webfonts/fa-solid-900.svg]
[www.abrirestaurant.com/components/com_vikrestaurants/assets/css/fontawesome/webfonts/fa-regular-400.svg]
[www.abrirestaurant.com/components/com_vikrestaurants/assets/css/fontawesome/webfonts/fa-brands-400.svg]
